// Jest Snapshot v1, https://goo.gl/fbAQLP

exports[`/test/index.test.ts wrapper web event should ok with asyncWrap when error 1`] = `
{
  "body": "Internal Server Error",
  "headers": {},
  "isBase64Encoded": false,
  "statusCode": 500,
}
`;

exports[`/test/index.test.ts wrapper web event should ok with error 1`] = `
{
  "body": "Internal Server Error",
  "headers": {},
  "isBase64Encoded": false,
  "statusCode": 500,
}
`;
